Archive member included to satisfy reference by file (symbol)

c:/program files (x86)/atmel/studio/7.0/toolchain/avr8/avr8-gnu-toolchain/bin/../lib/gcc/avr/5.4.0/avr5\libgcc.a(_udivmodhi4.o)
                              FreeRtos/Source/queue.o (__udivmodhi4)
c:/program files (x86)/atmel/studio/7.0/toolchain/avr8/avr8-gnu-toolchain/bin/../lib/gcc/avr/5.4.0/avr5\libgcc.a(_exit.o)
                              C:/Program Files (x86)/Atmel/Studio/7.0/Packs/atmel/ATmega_DFP/1.7.374/gcc/dev/atmega32/avr5/crtatmega32.o (exit)
c:/program files (x86)/atmel/studio/7.0/toolchain/avr8/avr8-gnu-toolchain/bin/../lib/gcc/avr/5.4.0/avr5\libgcc.a(_copy_data.o)
                              FreeRtos/Source/tasks.o (__do_copy_data)
c:/program files (x86)/atmel/studio/7.0/toolchain/avr8/avr8-gnu-toolchain/bin/../lib/gcc/avr/5.4.0/avr5\libgcc.a(_clear_bss.o)
                              FreeRtos/Source/croutine.o (__do_clear_bss)
c:/program files (x86)/atmel/studio/7.0/toolchain/avr8/avr8-gnu-toolchain/bin/../lib/gcc/avr/5.4.0/../../../../avr/lib/avr5\libc.a(memcpy.o)
                              FreeRtos/Source/queue.o (memcpy)

Discarded input sections

 .data          0x00000000        0x0 C:/Program Files (x86)/Atmel/Studio/7.0/Packs/atmel/ATmega_DFP/1.7.374/gcc/dev/atmega32/avr5/crtatmega32.o
 .bss           0x00000000        0x0 C:/Program Files (x86)/Atmel/Studio/7.0/Packs/atmel/ATmega_DFP/1.7.374/gcc/dev/atmega32/avr5/crtatmega32.o
 .text          0x00000000        0x0 FreeRtos/Source/croutine.o
 .data          0x00000000        0x0 FreeRtos/Source/croutine.o
 .bss           0x00000000        0x0 FreeRtos/Source/croutine.o
 .text.prvInitialiseCoRoutineLists
                0x00000000       0x5e FreeRtos/Source/croutine.o
 .text.prvCheckPendingReadyList
                0x00000000       0x6c FreeRtos/Source/croutine.o
 .text.prvCheckDelayedList
                0x00000000      0x106 FreeRtos/Source/croutine.o
 .text.xCoRoutineCreate
                0x00000000       0xba FreeRtos/Source/croutine.o
 .text.vCoRoutineAddToDelayedList
                0x00000000       0x86 FreeRtos/Source/croutine.o
 .text.vCoRoutineSchedule
                0x00000000       0xbe FreeRtos/Source/croutine.o
 .text.xCoRoutineRemoveFromEventList
                0x00000000       0x4c FreeRtos/Source/croutine.o
 .bss.xPassedTicks
                0x00000000        0x2 FreeRtos/Source/croutine.o
 .bss.xLastTickCount
                0x00000000        0x2 FreeRtos/Source/croutine.o
 .bss.xCoRoutineTickCount
                0x00000000        0x2 FreeRtos/Source/croutine.o
 .bss.uxTopCoRoutineReadyPriority
                0x00000000        0x1 FreeRtos/Source/croutine.o
 .bss.pxCurrentCoRoutine
                0x00000000        0x2 FreeRtos/Source/croutine.o
 .bss.xPendingReadyCoRoutineList
                0x00000000        0x9 FreeRtos/Source/croutine.o
 .bss.pxOverflowDelayedCoRoutineList
                0x00000000        0x2 FreeRtos/Source/croutine.o
 .bss.pxDelayedCoRoutineList
                0x00000000        0x2 FreeRtos/Source/croutine.o
 .bss.xDelayedCoRoutineList2
                0x00000000        0x9 FreeRtos/Source/croutine.o
 .bss.xDelayedCoRoutineList1
                0x00000000        0x9 FreeRtos/Source/croutine.o
 .bss.pxReadyCoRoutineLists
                0x00000000       0x12 FreeRtos/Source/croutine.o
 .debug_info    0x00000000      0x72d FreeRtos/Source/croutine.o
 .debug_abbrev  0x00000000      0x205 FreeRtos/Source/croutine.o
 .debug_loc     0x00000000      0x3f0 FreeRtos/Source/croutine.o
 .debug_aranges
                0x00000000       0x50 FreeRtos/Source/croutine.o
 .debug_ranges  0x00000000       0x40 FreeRtos/Source/croutine.o
 .debug_line    0x00000000      0x3fe FreeRtos/Source/croutine.o
 .debug_str     0x00000000      0x544 FreeRtos/Source/croutine.o
 .comment       0x00000000       0x31 FreeRtos/Source/croutine.o
 .debug_frame   0x00000000      0x100 FreeRtos/Source/croutine.o
 .text          0x00000000        0x0 FreeRtos/Source/event_groups.o
 .data          0x00000000        0x0 FreeRtos/Source/event_groups.o
 .bss           0x00000000        0x0 FreeRtos/Source/event_groups.o
 .text.prvTestWaitCondition
                0x00000000       0x26 FreeRtos/Source/event_groups.o
 .text.xEventGroupCreate
                0x00000000       0x26 FreeRtos/Source/event_groups.o
 .text.xEventGroupWaitBits
                0x00000000       0xe4 FreeRtos/Source/event_groups.o
 .text.xEventGroupClearBits
                0x00000000       0x1e FreeRtos/Source/event_groups.o
 .text.xEventGroupGetBitsFromISR
                0x00000000        0x8 FreeRtos/Source/event_groups.o
 .text.xEventGroupSetBits
                0x00000000       0xc8 FreeRtos/Source/event_groups.o
 .text.xEventGroupSync
                0x00000000       0xd6 FreeRtos/Source/event_groups.o
 .text.vEventGroupDelete
                0x00000000       0x2e FreeRtos/Source/event_groups.o
 .text.vEventGroupSetBitsCallback
                0x00000000        0x8 FreeRtos/Source/event_groups.o
 .text.vEventGroupClearBitsCallback
                0x00000000        0x8 FreeRtos/Source/event_groups.o
 .debug_info    0x00000000      0x8df FreeRtos/Source/event_groups.o
 .debug_abbrev  0x00000000      0x1dc FreeRtos/Source/event_groups.o
 .debug_loc     0x00000000      0xb41 FreeRtos/Source/event_groups.o
 .debug_aranges
                0x00000000       0x68 FreeRtos/Source/event_groups.o
 .debug_ranges  0x00000000       0x70 FreeRtos/Source/event_groups.o
 .debug_line    0x00000000      0x44f FreeRtos/Source/event_groups.o
 .debug_str     0x00000000      0x58e FreeRtos/Source/event_groups.o
 .comment       0x00000000       0x31 FreeRtos/Source/event_groups.o
 .debug_frame   0x00000000      0x15c FreeRtos/Source/event_groups.o
 .text          0x00000000        0x0 FreeRtos/Source/list.o
 .data          0x00000000        0x0 FreeRtos/Source/list.o
 .bss           0x00000000        0x0 FreeRtos/Source/list.o
 .text.vListInsertEnd
                0x00000000       0x42 FreeRtos/Source/list.o
 .text          0x00000000        0x0 FreeRtos/Source/portable/GCC/ATMega323/port.o
 .data          0x00000000        0x0 FreeRtos/Source/portable/GCC/ATMega323/port.o
 .bss           0x00000000        0x0 FreeRtos/Source/portable/GCC/ATMega323/port.o
 .text.vPortEndScheduler
                0x00000000        0x2 FreeRtos/Source/portable/GCC/ATMega323/port.o
 .text          0x00000000        0x0 FreeRtos/Source/portable/MemMang/heap_4.o
 .data          0x00000000        0x0 FreeRtos/Source/portable/MemMang/heap_4.o
 .bss           0x00000000        0x0 FreeRtos/Source/portable/MemMang/heap_4.o
 .text.xPortGetFreeHeapSize
                0x00000000        0xa FreeRtos/Source/portable/MemMang/heap_4.o
 .text.xPortGetMinimumEverFreeHeapSize
                0x00000000        0xa FreeRtos/Source/portable/MemMang/heap_4.o
 .text.vPortInitialiseBlocks
                0x00000000        0x2 FreeRtos/Source/portable/MemMang/heap_4.o
 .text.vPortGetHeapStats
                0x00000000       0xc4 FreeRtos/Source/portable/MemMang/heap_4.o
 .text          0x00000000        0x0 FreeRtos/Source/queue.o
 .data          0x00000000        0x0 FreeRtos/Source/queue.o
 .bss           0x00000000        0x0 FreeRtos/Source/queue.o
 .text.prvIsQueueEmpty
                0x00000000       0x1a FreeRtos/Source/queue.o
 .text.prvIsQueueFull
                0x00000000       0x1c FreeRtos/Source/queue.o
 .text.prvCopyDataToQueue
                0x00000000       0x92 FreeRtos/Source/queue.o
 .text.prvCopyDataFromQueue
                0x00000000       0x34 FreeRtos/Source/queue.o
 .text.prvUnlockQueue
                0x00000000       0x68 FreeRtos/Source/queue.o
 .text.xQueueGenericReset
                0x00000000       0xc0 FreeRtos/Source/queue.o
 .text.prvInitialiseNewQueue
                0x00000000       0x26 FreeRtos/Source/queue.o
 .text.xQueueGenericCreate
                0x00000000       0x82 FreeRtos/Source/queue.o
 .text.xQueueGenericSend
                0x00000000      0x124 FreeRtos/Source/queue.o
 .text.xQueueGenericSendFromISR
                0x00000000       0x78 FreeRtos/Source/queue.o
 .text.xQueueGiveFromISR
                0x00000000       0x52 FreeRtos/Source/queue.o
 .text.xQueueReceive
                0x00000000      0x11e FreeRtos/Source/queue.o
 .text.xQueueSemaphoreTake
                0x00000000      0x106 FreeRtos/Source/queue.o
 .text.xQueuePeek
                0x00000000      0x122 FreeRtos/Source/queue.o
 .text.xQueueReceiveFromISR
                0x00000000       0x6e FreeRtos/Source/queue.o
 .text.xQueuePeekFromISR
                0x00000000       0x2e FreeRtos/Source/queue.o
 .text.uxQueueMessagesWaiting
                0x00000000       0x10 FreeRtos/Source/queue.o
 .text.uxQueueSpacesAvailable
                0x00000000       0x16 FreeRtos/Source/queue.o
 .text.uxQueueMessagesWaitingFromISR
                0x00000000        0x6 FreeRtos/Source/queue.o
 .text.vQueueDelete
                0x00000000        0x6 FreeRtos/Source/queue.o
 .text.xQueueIsQueueEmptyFromISR
                0x00000000       0x10 FreeRtos/Source/queue.o
 .text.xQueueIsQueueFullFromISR
                0x00000000       0x12 FreeRtos/Source/queue.o
 .text.xQueueCRSend
                0x00000000       0x80 FreeRtos/Source/queue.o
 .text.xQueueCRReceive
                0x00000000       0x92 FreeRtos/Source/queue.o
 .text.xQueueCRSendFromISR
                0x00000000       0x4c FreeRtos/Source/queue.o
 .text.xQueueCRReceiveFromISR
                0x00000000       0x82 FreeRtos/Source/queue.o
 .debug_info    0x00000000     0x177f FreeRtos/Source/queue.o
 .debug_abbrev  0x00000000      0x227 FreeRtos/Source/queue.o
 .debug_loc     0x00000000     0x1ee5 FreeRtos/Source/queue.o
 .debug_aranges
                0x00000000       0xe8 FreeRtos/Source/queue.o
 .debug_ranges  0x00000000      0x120 FreeRtos/Source/queue.o
 .debug_line    0x00000000      0xca0 FreeRtos/Source/queue.o
 .debug_str     0x00000000      0x826 FreeRtos/Source/queue.o
 .comment       0x00000000       0x31 FreeRtos/Source/queue.o
 .debug_frame   0x00000000      0x37c FreeRtos/Source/queue.o
 .text          0x00000000        0x0 FreeRtos/Source/stream_buffer.o
 .data          0x00000000        0x0 FreeRtos/Source/stream_buffer.o
 .bss           0x00000000        0x0 FreeRtos/Source/stream_buffer.o
 .text.prvBytesInBuffer
                0x00000000       0x26 FreeRtos/Source/stream_buffer.o
 .text.prvInitialiseNewStreamBuffer
                0x00000000       0x20 FreeRtos/Source/stream_buffer.o
 .text.prvWriteBytesToBuffer
                0x00000000       0x88 FreeRtos/Source/stream_buffer.o
 .text.prvWriteMessageToBuffer
                0x00000000       0x90 FreeRtos/Source/stream_buffer.o
 .text.prvReadBytesFromBuffer
                0x00000000       0x88 FreeRtos/Source/stream_buffer.o
 .text.prvReadMessageFromBuffer
                0x00000000       0x90 FreeRtos/Source/stream_buffer.o
 .text.xStreamBufferGenericCreate
                0x00000000       0x68 FreeRtos/Source/stream_buffer.o
 .text.vStreamBufferDelete
                0x00000000       0x1a FreeRtos/Source/stream_buffer.o
 .text.xStreamBufferReset
                0x00000000       0x3e FreeRtos/Source/stream_buffer.o
 .text.xStreamBufferSetTriggerLevel
                0x00000000       0x22 FreeRtos/Source/stream_buffer.o
 .text.xStreamBufferSpacesAvailable
                0x00000000       0x34 FreeRtos/Source/stream_buffer.o
 .text.xStreamBufferBytesAvailable
                0x00000000        0x6 FreeRtos/Source/stream_buffer.o
 .text.xStreamBufferSend
                0x00000000      0x174 FreeRtos/Source/stream_buffer.o
 .text.xStreamBufferSendFromISR
                0x00000000       0x8e FreeRtos/Source/stream_buffer.o
 .text.xStreamBufferReceive
                0x00000000      0x102 FreeRtos/Source/stream_buffer.o
 .text.xStreamBufferNextMessageLengthBytes
                0x00000000       0x54 FreeRtos/Source/stream_buffer.o
 .text.xStreamBufferReceiveFromISR
                0x00000000       0x8a FreeRtos/Source/stream_buffer.o
 .text.xStreamBufferIsEmpty
                0x00000000       0x18 FreeRtos/Source/stream_buffer.o
 .text.xStreamBufferIsFull
                0x00000000       0x2c FreeRtos/Source/stream_buffer.o
 .text.xStreamBufferSendCompletedFromISR
                0x00000000       0x4c FreeRtos/Source/stream_buffer.o
 .text.xStreamBufferReceiveCompletedFromISR
                0x00000000       0x4c FreeRtos/Source/stream_buffer.o
 .debug_info    0x00000000     0x12b9 FreeRtos/Source/stream_buffer.o
 .debug_abbrev  0x00000000      0x22a FreeRtos/Source/stream_buffer.o
 .debug_loc     0x00000000     0x1bac FreeRtos/Source/stream_buffer.o
 .debug_aranges
                0x00000000       0xc0 FreeRtos/Source/stream_buffer.o
 .debug_ranges  0x00000000       0xb0 FreeRtos/Source/stream_buffer.o
 .debug_line    0x00000000      0x7bc FreeRtos/Source/stream_buffer.o
 .debug_str     0x00000000      0x7af FreeRtos/Source/stream_buffer.o
 .comment       0x00000000       0x31 FreeRtos/Source/stream_buffer.o
 .debug_frame   0x00000000      0x3e8 FreeRtos/Source/stream_buffer.o
 .text          0x00000000        0x0 FreeRtos/Source/tasks.o
 .data          0x00000000        0x0 FreeRtos/Source/tasks.o
 .bss           0x00000000        0x0 FreeRtos/Source/tasks.o
 .text.prvTaskIsTaskSuspended
                0x00000000       0x2e FreeRtos/Source/tasks.o
 .text.vTaskDelete
                0x00000000       0xb0 FreeRtos/Source/tasks.o
 .text.vTaskResume
                0x00000000       0xcc FreeRtos/Source/tasks.o
 .text.xTaskResumeFromISR
                0x00000000       0xda FreeRtos/Source/tasks.o
 .text.vTaskEndScheduler
                0x00000000        0xc FreeRtos/Source/tasks.o
 .text.xTaskGetTickCount
                0x00000000       0x14 FreeRtos/Source/tasks.o
 .text.xTaskGetTickCountFromISR
                0x00000000        0xa FreeRtos/Source/tasks.o
 .text.uxTaskGetNumberOfTasks
                0x00000000        0x6 FreeRtos/Source/tasks.o
 .text.pcTaskGetName
                0x00000000       0x10 FreeRtos/Source/tasks.o
 .text.xTaskDelayUntil
                0x00000000       0x84 FreeRtos/Source/tasks.o
 .text.xTaskCatchUpTicks
                0x00000000       0x28 FreeRtos/Source/tasks.o
 .text.vTaskSuspend
                0x00000000       0xc2 FreeRtos/Source/tasks.o
 .text.vTaskPlaceOnEventList
                0x00000000       0x24 FreeRtos/Source/tasks.o
 .text.vTaskPlaceOnUnorderedEventList
                0x00000000       0x8c FreeRtos/Source/tasks.o
 .text.xTaskRemoveFromEventList
                0x00000000      0x17a FreeRtos/Source/tasks.o
 .text.vTaskRemoveFromUnorderedEventList
                0x00000000      0x14c FreeRtos/Source/tasks.o
 .text.vTaskSetTimeOutState
                0x00000000       0x20 FreeRtos/Source/tasks.o
 .text.vTaskInternalSetTimeOutState
                0x00000000       0x16 FreeRtos/Source/tasks.o
 .text.xTaskCheckForTimeOut
                0x00000000       0x7e FreeRtos/Source/tasks.o
 .text.vTaskMissedYield
                0x00000000        0x8 FreeRtos/Source/tasks.o
 .text.uxTaskResetEventItemValue
                0x00000000       0x2e FreeRtos/Source/tasks.o
 .text.ulTaskGenericNotifyTake
                0x00000000      0x106 FreeRtos/Source/tasks.o
 .text.xTaskGenericNotifyWait
                0x00000000      0x142 FreeRtos/Source/tasks.o
 .text.xTaskGenericNotify
                0x00000000      0x20a FreeRtos/Source/tasks.o
 .text.xTaskGenericNotifyFromISR
                0x00000000      0x260 FreeRtos/Source/tasks.o
 .text.vTaskGenericNotifyGiveFromISR
                0x00000000      0x194 FreeRtos/Source/tasks.o
 .text.xTaskGenericNotifyStateClear
                0x00000000       0x34 FreeRtos/Source/tasks.o
 .text.ulTaskGenericNotifyValueClear
                0x00000000       0x6c FreeRtos/Source/tasks.o
 .text          0x00000000        0x0 FreeRtos/Source/timers.o
 .data          0x00000000        0x0 FreeRtos/Source/timers.o
 .bss           0x00000000        0x0 FreeRtos/Source/timers.o
 .debug_info    0x00000000       0x64 FreeRtos/Source/timers.o
 .debug_abbrev  0x00000000       0x26 FreeRtos/Source/timers.o
 .debug_aranges
                0x00000000       0x18 FreeRtos/Source/timers.o
 .debug_line    0x00000000       0x1a FreeRtos/Source/timers.o
 .debug_str     0x00000000      0x178 FreeRtos/Source/timers.o
 .comment       0x00000000       0x31 FreeRtos/Source/timers.o
 .text          0x00000000        0x0 main.o
 .data          0x00000000        0x0 main.o
 .bss           0x00000000        0x0 main.o
 .bss.myTask    0x00000000        0x2 main.o
 .text          0x00000000        0x0 c:/program files (x86)/atmel/studio/7.0/toolchain/avr8/avr8-gnu-toolchain/bin/../lib/gcc/avr/5.4.0/avr5\libgcc.a(_udivmodhi4.o)
 .data          0x00000000        0x0 c:/program files (x86)/atmel/studio/7.0/toolchain/avr8/avr8-gnu-toolchain/bin/../lib/gcc/avr/5.4.0/avr5\libgcc.a(_udivmodhi4.o)
 .bss           0x00000000        0x0 c:/program files (x86)/atmel/studio/7.0/toolchain/avr8/avr8-gnu-toolchain/bin/../lib/gcc/avr/5.4.0/avr5\libgcc.a(_udivmodhi4.o)
 .text.libgcc.mul
                0x00000000        0x0 c:/program files (x86)/atmel/studio/7.0/toolchain/avr8/avr8-gnu-toolchain/bin/../lib/gcc/avr/5.4.0/avr5\libgcc.a(_udivmodhi4.o)
 .text.libgcc.div
                0x00000000       0x28 c:/program files (x86)/atmel/studio/7.0/toolchain/avr8/avr8-gnu-toolchain/bin/../lib/gcc/avr/5.4.0/avr5\libgcc.a(_udivmodhi4.o)
 .text.libgcc   0x00000000        0x0 c:/program files (x86)/atmel/studio/7.0/toolchain/avr8/avr8-gnu-toolchain/bin/../lib/gcc/avr/5.4.0/avr5\libgcc.a(_udivmodhi4.o)
 .text.libgcc.prologue
                0x00000000        0x0 c:/program files (x86)/atmel/studio/7.0/toolchain/avr8/avr8-gnu-toolchain/bin/../lib/gcc/avr/5.4.0/avr5\libgcc.a(_udivmodhi4.o)
 .text.libgcc.builtins
                0x00000000        0x0 c:/program files (x86)/atmel/studio/7.0/toolchain/avr8/avr8-gnu-toolchain/bin/../lib/gcc/avr/5.4.0/avr5\libgcc.a(_udivmodhi4.o)
 .text.libgcc.fmul
                0x00000000        0x0 c:/program files (x86)/atmel/studio/7.0/toolchain/avr8/avr8-gnu-toolchain/bin/../lib/gcc/avr/5.4.0/avr5\libgcc.a(_udivmodhi4.o)
 .text.libgcc.fixed
                0x00000000        0x0 c:/program files (x86)/atmel/studio/7.0/toolchain/avr8/avr8-gnu-toolchain/bin/../lib/gcc/avr/5.4.0/avr5\libgcc.a(_udivmodhi4.o)
 .text          0x00000000        0x0 c:/program files (x86)/atmel/studio/7.0/toolchain/avr8/avr8-gnu-toolchain/bin/../lib/gcc/avr/5.4.0/avr5\libgcc.a(_exit.o)
 .data          0x00000000        0x0 c:/program files (x86)/atmel/studio/7.0/toolchain/avr8/avr8-gnu-toolchain/bin/../lib/gcc/avr/5.4.0/avr5\libgcc.a(_exit.o)
 .bss           0x00000000        0x0 c:/program files (x86)/atmel/studio/7.0/toolchain/avr8/avr8-gnu-toolchain/bin/../lib/gcc/avr/5.4.0/avr5\libgcc.a(_exit.o)
 .text.libgcc.mul
                0x00000000        0x0 c:/program files (x86)/atmel/studio/7.0/toolchain/avr8/avr8-gnu-toolchain/bin/../lib/gcc/avr/5.4.0/avr5\libgcc.a(_exit.o)
 .text.libgcc.div
                0x00000000        0x0 c:/program files (x86)/atmel/studio/7.0/toolchain/avr8/avr8-gnu-toolchain/bin/../lib/gcc/avr/5.4.0/avr5\libgcc.a(_exit.o)
 .text.libgcc   0x00000000        0x0 c:/program files (x86)/atmel/studio/7.0/toolchain/avr8/avr8-gnu-toolchain/bin/../lib/gcc/avr/5.4.0/avr5\libgcc.a(_exit.o)
 .text.libgcc.prologue
                0x00000000        0x0 c:/program files (x86)/atmel/studio/7.0/toolchain/avr8/avr8-gnu-toolchain/bin/../lib/gcc/avr/5.4.0/avr5\libgcc.a(_exit.o)
 .text.libgcc.builtins
                0x00000000        0x0 c:/program files (x86)/atmel/studio/7.0/toolchain/avr8/avr8-gnu-toolchain/bin/../lib/gcc/avr/5.4.0/avr5\libgcc.a(_exit.o)
 .text.libgcc.fmul
                0x00000000        0x0 c:/program files (x86)/atmel/studio/7.0/toolchain/avr8/avr8-gnu-toolchain/bin/../lib/gcc/avr/5.4.0/avr5\libgcc.a(_exit.o)
 .text.libgcc.fixed
                0x00000000        0x0 c:/program files (x86)/atmel/studio/7.0/toolchain/avr8/avr8-gnu-toolchain/bin/../lib/gcc/avr/5.4.0/avr5\libgcc.a(_exit.o)
 .text          0x00000000        0x0 c:/program files (x86)/atmel/studio/7.0/toolchain/avr8/avr8-gnu-toolchain/bin/../lib/gcc/avr/5.4.0/avr5\libgcc.a(_copy_data.o)
 .data          0x00000000        0x0 c:/program files (x86)/atmel/studio/7.0/toolchain/avr8/avr8-gnu-toolchain/bin/../lib/gcc/avr/5.4.0/avr5\libgcc.a(_copy_data.o)
 .bss           0x00000000        0x0 c:/program files (x86)/atmel/studio/7.0/toolchain/avr8/avr8-gnu-toolchain/bin/../lib/gcc/avr/5.4.0/avr5\libgcc.a(_copy_data.o)
 .text.libgcc.mul
                0x00000000        0x0 c:/program files (x86)/atmel/studio/7.0/toolchain/avr8/avr8-gnu-toolchain/bin/../lib/gcc/avr/5.4.0/avr5\libgcc.a(_copy_data.o)
 .text.libgcc.div
                0x00000000        0x0 c:/program files (x86)/atmel/studio/7.0/toolchain/avr8/avr8-gnu-toolchain/bin/../lib/gcc/avr/5.4.0/avr5\libgcc.a(_copy_data.o)
 .text.libgcc   0x00000000        0x0 c:/program files (x86)/atmel/studio/7.0/toolchain/avr8/avr8-gnu-toolchain/bin/../lib/gcc/avr/5.4.0/avr5\libgcc.a(_copy_data.o)
 .text.libgcc.prologue
                0x00000000        0x0 c:/program files (x86)/atmel/studio/7.0/toolchain/avr8/avr8-gnu-toolchain/bin/../lib/gcc/avr/5.4.0/avr5\libgcc.a(_copy_data.o)
 .text.libgcc.builtins
                0x00000000        0x0 c:/program files (x86)/atmel/studio/7.0/toolchain/avr8/avr8-gnu-toolchain/bin/../lib/gcc/avr/5.4.0/avr5\libgcc.a(_copy_data.o)
 .text.libgcc.fmul
                0x00000000        0x0 c:/program files (x86)/atmel/studio/7.0/toolchain/avr8/avr8-gnu-toolchain/bin/../lib/gcc/avr/5.4.0/avr5\libgcc.a(_copy_data.o)
 .text.libgcc.fixed
                0x00000000        0x0 c:/program files (x86)/atmel/studio/7.0/toolchain/avr8/avr8-gnu-toolchain/bin/../lib/gcc/avr/5.4.0/avr5\libgcc.a(_copy_data.o)
 .text          0x00000000        0x0 c:/program files (x86)/atmel/studio/7.0/toolchain/avr8/avr8-gnu-toolchain/bin/../lib/gcc/avr/5.4.0/avr5\libgcc.a(_clear_bss.o)
 .data          0x00000000        0x0 c:/program files (x86)/atmel/studio/7.0/toolchain/avr8/avr8-gnu-toolchain/bin/../lib/gcc/avr/5.4.0/avr5\libgcc.a(_clear_bss.o)
 .bss           0x00000000        0x0 c:/program files (x86)/atmel/studio/7.0/toolchain/avr8/avr8-gnu-toolchain/bin/../lib/gcc/avr/5.4.0/avr5\libgcc.a(_clear_bss.o)
 .text.libgcc.mul
                0x00000000        0x0 c:/program files (x86)/atmel/studio/7.0/toolchain/avr8/avr8-gnu-toolchain/bin/../lib/gcc/avr/5.4.0/avr5\libgcc.a(_clear_bss.o)
 .text.libgcc.div
                0x00000000        0x0 c:/program files (x86)/atmel/studio/7.0/toolchain/avr8/avr8-gnu-toolchain/bin/../lib/gcc/avr/5.4.0/avr5\libgcc.a(_clear_bss.o)
 .text.libgcc   0x00000000        0x0 c:/program files (x86)/atmel/studio/7.0/toolchain/avr8/avr8-gnu-toolchain/bin/../lib/gcc/avr/5.4.0/avr5\libgcc.a(_clear_bss.o)
 .text.libgcc.prologue
                0x00000000        0x0 c:/program files (x86)/atmel/studio/7.0/toolchain/avr8/avr8-gnu-toolchain/bin/../lib/gcc/avr/5.4.0/avr5\libgcc.a(_clear_bss.o)
 .text.libgcc.builtins
                0x00000000        0x0 c:/program files (x86)/atmel/studio/7.0/toolchain/avr8/avr8-gnu-toolchain/bin/../lib/gcc/avr/5.4.0/avr5\libgcc.a(_clear_bss.o)
 .text.libgcc.fmul
                0x00000000        0x0 c:/program files (x86)/atmel/studio/7.0/toolchain/avr8/avr8-gnu-toolchain/bin/../lib/gcc/avr/5.4.0/avr5\libgcc.a(_clear_bss.o)
 .text.libgcc.fixed
                0x00000000        0x0 c:/program files (x86)/atmel/studio/7.0/toolchain/avr8/avr8-gnu-toolchain/bin/../lib/gcc/avr/5.4.0/avr5\libgcc.a(_clear_bss.o)
 .text          0x00000000        0x0 c:/program files (x86)/atmel/studio/7.0/toolchain/avr8/avr8-gnu-toolchain/bin/../lib/gcc/avr/5.4.0/../../../../avr/lib/avr5\libc.a(memcpy.o)
 .data          0x00000000        0x0 c:/program files (x86)/atmel/studio/7.0/toolchain/avr8/avr8-gnu-toolchain/bin/../lib/gcc/avr/5.4.0/../../../../avr/lib/avr5\libc.a(memcpy.o)
 .bss           0x00000000        0x0 c:/program files (x86)/atmel/studio/7.0/toolchain/avr8/avr8-gnu-toolchain/bin/../lib/gcc/avr/5.4.0/../../../../avr/lib/avr5\libc.a(memcpy.o)
 .text.avr-libc
                0x00000000       0x12 c:/program files (x86)/atmel/studio/7.0/toolchain/avr8/avr8-gnu-toolchain/bin/../lib/gcc/avr/5.4.0/../../../../avr/lib/avr5\libc.a(memcpy.o)

Memory Configuration

Name             Origin             Length             Attributes
text             0x00000000         0x00008000         xr
data             0x00800060         0x00000800         rw !x
eeprom           0x00810000         0x00000400         rw !x
fuse             0x00820000         0x00000002         rw !x
lock             0x00830000         0x00000400         rw !x
signature        0x00840000         0x00000400         rw !x
user_signatures  0x00850000         0x00000400         rw !x
*default*        0x00000000         0xffffffff

Linker script and memory map

LOAD C:/Program Files (x86)/Atmel/Studio/7.0/Packs/atmel/ATmega_DFP/1.7.374/gcc/dev/atmega32/avr5/crtatmega32.o
LOAD FreeRtos/Source/croutine.o
LOAD FreeRtos/Source/event_groups.o
LOAD FreeRtos/Source/list.o
LOAD FreeRtos/Source/portable/GCC/ATMega323/port.o
LOAD FreeRtos/Source/portable/MemMang/heap_4.o
LOAD FreeRtos/Source/queue.o
LOAD FreeRtos/Source/stream_buffer.o
LOAD FreeRtos/Source/tasks.o
LOAD FreeRtos/Source/timers.o
LOAD main.o
START GROUP
LOAD c:/program files (x86)/atmel/studio/7.0/toolchain/avr8/avr8-gnu-toolchain/bin/../lib/gcc/avr/5.4.0/../../../../avr/lib/avr5\libm.a
END GROUP
START GROUP
LOAD c:/program files (x86)/atmel/studio/7.0/toolchain/avr8/avr8-gnu-toolchain/bin/../lib/gcc/avr/5.4.0/avr5\libgcc.a
LOAD c:/program files (x86)/atmel/studio/7.0/toolchain/avr8/avr8-gnu-toolchain/bin/../lib/gcc/avr/5.4.0/../../../../avr/lib/avr5\libm.a
LOAD c:/program files (x86)/atmel/studio/7.0/toolchain/avr8/avr8-gnu-toolchain/bin/../lib/gcc/avr/5.4.0/../../../../avr/lib/avr5\libc.a
LOAD C:/Program Files (x86)/Atmel/Studio/7.0/Packs/atmel/ATmega_DFP/1.7.374/gcc/dev/atmega32/avr5\libatmega32.a
END GROUP
                0x00000000                __TEXT_REGION_ORIGIN__ = DEFINED (__TEXT_REGION_ORIGIN__)?__TEXT_REGION_ORIGIN__:0x0
                [0x00800060]                __DATA_REGION_ORIGIN__ = DEFINED (__DATA_REGION_ORIGIN__)?__DATA_REGION_ORIGIN__:0x800060
                [0x00008000]                __TEXT_REGION_LENGTH__ = DEFINED (__TEXT_REGION_LENGTH__)?__TEXT_REGION_LENGTH__:0x20000
                [0x00000800]                __DATA_REGION_LENGTH__ = DEFINED (__DATA_REGION_LENGTH__)?__DATA_REGION_LENGTH__:0xffa0
                [0x00000400]                __EEPROM_REGION_LENGTH__ = DEFINED (__EEPROM_REGION_LENGTH__)?__EEPROM_REGION_LENGTH__:0x10000
                [0x00000002]                __FUSE_REGION_LENGTH__ = DEFINED (__FUSE_REGION_LENGTH__)?__FUSE_REGION_LENGTH__:0x400
                0x00000400                __LOCK_REGION_LENGTH__ = DEFINED (__LOCK_REGION_LENGTH__)?__LOCK_REGION_LENGTH__:0x400
                0x00000400                __SIGNATURE_REGION_LENGTH__ = DEFINED (__SIGNATURE_REGION_LENGTH__)?__SIGNATURE_REGION_LENGTH__:0x400
                0x00000400                __USER_SIGNATURE_REGION_LENGTH__ = DEFINED (__USER_SIGNATURE_REGION_LENGTH__)?__USER_SIGNATURE_REGION_LENGTH__:0x400

.hash
 *(.hash)

.dynsym
 *(.dynsym)

.dynstr
 *(.dynstr)

.gnu.version
 *(.gnu.version)

.gnu.version_d
 *(.gnu.version_d)

.gnu.version_r
 *(.gnu.version_r)

.rel.init
 *(.rel.init)

.rela.init
 *(.rela.init)

.rel.text
 *(.rel.text)
 *(.rel.text.*)
 *(.rel.gnu.linkonce.t*)

.rela.text
 *(.rela.text)
 *(.rela.text.*)
 *(.rela.gnu.linkonce.t*)

.rel.fini
 *(.rel.fini)

.rela.fini
 *(.rela.fini)

.rel.rodata
 *(.rel.rodata)
 *(.rel.rodata.*)
 *(.rel.gnu.linkonce.r*)

.rela.rodata
 *(.rela.rodata)
 *(.rela.rodata.*)
 *(.rela.gnu.linkonce.r*)

.rel.data
 *(.rel.data)
 *(.rel.data.*)
 *(.rel.gnu.linkonce.d*)

.rela.data
 *(.rela.data)
 *(.rela.data.*)
 *(.rela.gnu.linkonce.d*)

.rel.ctors
 *(.rel.ctors)

.rela.ctors
 *(.rela.ctors)

.rel.dtors
 *(.rel.dtors)

.rela.dtors
 *(.rela.dtors)

.rel.got
 *(.rel.got)

.rela.got
 *(.rela.got)

.rel.bss
 *(.rel.bss)

.rela.bss
 *(.rela.bss)

.rel.plt
 *(.rel.plt)

.rela.plt
 *(.rela.plt)

.text           0x00000000     0x1122
 *(.vectors)
 .vectors       0x00000000       0x54 C:/Program Files (x86)/Atmel/Studio/7.0/Packs/atmel/ATmega_DFP/1.7.374/gcc/dev/atmega32/avr5/crtatmega32.o
                0x00000000                __vector_default
                0x00000000                __vectors
 *(.vectors)
 *(.progmem.gcc*)
                0x00000054                . = ALIGN (0x2)
                0x00000054                __trampolines_start = .
 *(.trampolines)
 .trampolines   0x00000054        0x0 linker stubs
 *(.trampolines*)
                0x00000054                __trampolines_end = .
 *libprintf_flt.a:*(.progmem.data)
 *libc.a:*(.progmem.data)
 *(.progmem*)
                0x00000054                . = ALIGN (0x2)
 *(.jumptables)
 *(.jumptables*)
 *(.lowtext)
 *(.lowtext*)
                0x00000054                __ctors_start = .
 *(.ctors)
                0x00000054                __ctors_end = .
                0x00000054                __dtors_start = .
 *(.dtors)
                0x00000054                __dtors_end = .
 SORT(*)(.ctors)
 SORT(*)(.dtors)
 *(.init0)
 .init0         0x00000054        0x0 C:/Program Files (x86)/Atmel/Studio/7.0/Packs/atmel/ATmega_DFP/1.7.374/gcc/dev/atmega32/avr5/crtatmega32.o
                0x00000054                __init
 *(.init0)
 *(.init1)
 *(.init1)
 *(.init2)
 .init2         0x00000054        0xc C:/Program Files (x86)/Atmel/Studio/7.0/Packs/atmel/ATmega_DFP/1.7.374/gcc/dev/atmega32/avr5/crtatmega32.o
 *(.init2)
 *(.init3)
 *(.init3)
 *(.init4)
 .init4         0x00000060       0x16 c:/program files (x86)/atmel/studio/7.0/toolchain/avr8/avr8-gnu-toolchain/bin/../lib/gcc/avr/5.4.0/avr5\libgcc.a(_copy_data.o)
                0x00000060                __do_copy_data
 .init4         0x00000076       0x10 c:/program files (x86)/atmel/studio/7.0/toolchain/avr8/avr8-gnu-toolchain/bin/../lib/gcc/avr/5.4.0/avr5\libgcc.a(_clear_bss.o)
                0x00000076                __do_clear_bss
 *(.init4)
 *(.init5)
 *(.init5)
 *(.init6)
 *(.init6)
 *(.init7)
 *(.init7)
 *(.init8)
 *(.init8)
 *(.init9)
 .init9         0x00000086        0x8 C:/Program Files (x86)/Atmel/Studio/7.0/Packs/atmel/ATmega_DFP/1.7.374/gcc/dev/atmega32/avr5/crtatmega32.o
 *(.init9)
 *(.text)
 .text          0x0000008e        0x4 C:/Program Files (x86)/Atmel/Studio/7.0/Packs/atmel/ATmega_DFP/1.7.374/gcc/dev/atmega32/avr5/crtatmega32.o
                0x0000008e                __vector_1
                0x0000008e                __vector_12
                0x0000008e                __bad_interrupt
                0x0000008e                __vector_6
                0x0000008e                __vector_3
                0x0000008e                __vector_11
                0x0000008e                __vector_13
                0x0000008e                __vector_17
                0x0000008e                __vector_19
                0x0000008e                __vector_5
                0x0000008e                __vector_4
                0x0000008e                __vector_9
                0x0000008e                __vector_2
                0x0000008e                __vector_15
                0x0000008e                __vector_8
                0x0000008e                __vector_14
                0x0000008e                __vector_10
                0x0000008e                __vector_16
                0x0000008e                __vector_18
                0x0000008e                __vector_20
                0x00000092                . = ALIGN (0x2)
 *(.text.*)
 .text.vListInitialise
                0x00000092       0x1c FreeRtos/Source/list.o
                0x00000092                vListInitialise
 .text.vListInitialiseItem
                0x000000ae        0x8 FreeRtos/Source/list.o
                0x000000ae                vListInitialiseItem
 .text.vListInsert
                0x000000b6       0x62 FreeRtos/Source/list.o
                0x000000b6                vListInsert
 .text.uxListRemove
                0x00000118       0x4e FreeRtos/Source/list.o
                0x00000118                uxListRemove
 .text.prvSetupTimerInterrupt
                0x00000166       0x12 FreeRtos/Source/portable/GCC/ATMega323/port.o
 .text.pxPortInitialiseStack
                0x00000178       0xd8 FreeRtos/Source/portable/GCC/ATMega323/port.o
                0x00000178                pxPortInitialiseStack
 .text.xPortStartScheduler
                0x00000250       0x5e FreeRtos/Source/portable/GCC/ATMega323/port.o
                0x00000250                xPortStartScheduler
 .text.vPortYield
                0x000002ae       0xb2 FreeRtos/Source/portable/GCC/ATMega323/port.o
                0x000002ae                vPortYield
 .text.vPortYieldFromTick
                0x00000360       0xb8 FreeRtos/Source/portable/GCC/ATMega323/port.o
                0x00000360                vPortYieldFromTick
 .text.__vector_7
                0x00000418        0x6 FreeRtos/Source/portable/GCC/ATMega323/port.o
                0x00000418                __vector_7
 .text.prvHeapInit
                0x0000041e       0x52 FreeRtos/Source/portable/MemMang/heap_4.o
 .text.prvInsertBlockIntoFreeList
                0x00000470       0x94 FreeRtos/Source/portable/MemMang/heap_4.o
 .text.pvPortMalloc
                0x00000504      0x14c FreeRtos/Source/portable/MemMang/heap_4.o
                0x00000504                pvPortMalloc
 .text.vPortFree
                0x00000650       0x7c FreeRtos/Source/portable/MemMang/heap_4.o
                0x00000650                vPortFree
 .text.prvResetNextTaskUnblockTime
                0x000006cc       0x38 FreeRtos/Source/tasks.o
 .text.prvDeleteTCB
                0x00000704       0x1a FreeRtos/Source/tasks.o
 .text.prvInitialiseNewTask
                0x0000071e       0xfc FreeRtos/Source/tasks.o
 .text.prvInitialiseTaskLists
                0x0000081a       0x6e FreeRtos/Source/tasks.o
 .text.prvAddNewTaskToReadyList
                0x00000888       0xfa FreeRtos/Source/tasks.o
 .text.prvCheckTasksWaitingTermination
                0x00000982       0x4c FreeRtos/Source/tasks.o
 .text.prvIdleTask
                0x000009ce       0x12 FreeRtos/Source/tasks.o
 .text.prvAddCurrentTaskToDelayedList
                0x000009e0      0x102 FreeRtos/Source/tasks.o
 .text.xTaskCreate
                0x00000ae2       0xa8 FreeRtos/Source/tasks.o
                0x00000ae2                xTaskCreate
 .text.vTaskStartScheduler
                0x00000b8a       0x58 FreeRtos/Source/tasks.o
                0x00000b8a                vTaskStartScheduler
 .text.vTaskSuspendAll
                0x00000be2        0xc FreeRtos/Source/tasks.o
                0x00000be2                vTaskSuspendAll
 .text.xTaskIncrementTick
                0x00000bee      0x234 FreeRtos/Source/tasks.o
                0x00000bee                xTaskIncrementTick
 .text.xTaskResumeAll
                0x00000e22      0x1aa FreeRtos/Source/tasks.o
                0x00000e22                xTaskResumeAll
 .text.vTaskDelay
                0x00000fcc       0x2c FreeRtos/Source/tasks.o
                0x00000fcc                vTaskDelay
 .text.vTaskSwitchContext
                0x00000ff8       0xa8 FreeRtos/Source/tasks.o
                0x00000ff8                vTaskSwitchContext
 .text.task1    0x000010a0       0x18 main.o
                0x000010a0                task1
 .text.task2    0x000010b8       0x18 main.o
                0x000010b8                task2
 .text.main     0x000010d0       0x4e main.o
                0x000010d0                main
                0x0000111e                . = ALIGN (0x2)
 *(.fini9)
 .fini9         0x0000111e        0x0 c:/program files (x86)/atmel/studio/7.0/toolchain/avr8/avr8-gnu-toolchain/bin/../lib/gcc/avr/5.4.0/avr5\libgcc.a(_exit.o)
                0x0000111e                _exit
                0x0000111e                exit
 *(.fini9)
 *(.fini8)
 *(.fini8)
 *(.fini7)
 *(.fini7)
 *(.fini6)
 *(.fini6)
 *(.fini5)
 *(.fini5)
 *(.fini4)
 *(.fini4)
 *(.fini3)
 *(.fini3)
 *(.fini2)
 *(.fini2)
 *(.fini1)
 *(.fini1)
 *(.fini0)
 .fini0         0x0000111e        0x4 c:/program files (x86)/atmel/studio/7.0/toolchain/avr8/avr8-gnu-toolchain/bin/../lib/gcc/avr/5.4.0/avr5\libgcc.a(_exit.o)
 *(.fini0)
                0x00001122                _etext = .

.data           0x00800060       0x12 load address 0x00001122
                0x00800060                PROVIDE (__data_start, .)
 *(.data)
 *(.data*)
 .data.uxTopUsedPriority
                0x00800060        0x1 FreeRtos/Source/tasks.o
                0x00800060                uxTopUsedPriority
 *(.gnu.linkonce.d*)
 *(.rodata)
 *(.rodata*)
 .rodata.str1.1
                0x00800061        0x5 FreeRtos/Source/tasks.o
 .rodata.str1.1
                0x00800066        0xc main.o
 *(.gnu.linkonce.r*)
                0x00800072                . = ALIGN (0x2)
                0x00800072                _edata = .
                0x00800072                PROVIDE (__data_end, .)

.bss            0x00800072      0x657
                0x00800072                PROVIDE (__bss_start, .)
 *(.bss)
 *(.bss*)
 .bss.xBlockAllocatedBit
                0x00800072        0x2 FreeRtos/Source/portable/MemMang/heap_4.o
 .bss.xNumberOfSuccessfulFrees
                0x00800074        0x2 FreeRtos/Source/portable/MemMang/heap_4.o
 .bss.xNumberOfSuccessfulAllocations
                0x00800076        0x2 FreeRtos/Source/portable/MemMang/heap_4.o
 .bss.xMinimumEverFreeBytesRemaining
                0x00800078        0x2 FreeRtos/Source/portable/MemMang/heap_4.o
 .bss.xFreeBytesRemaining
                0x0080007a        0x2 FreeRtos/Source/portable/MemMang/heap_4.o
 .bss.pxEnd     0x0080007c        0x2 FreeRtos/Source/portable/MemMang/heap_4.o
 .bss.xStart    0x0080007e        0x4 FreeRtos/Source/portable/MemMang/heap_4.o
 .bss.ucHeap    0x00800082      0x5dc FreeRtos/Source/portable/MemMang/heap_4.o
 .bss.uxSchedulerSuspended
                0x0080065e        0x1 FreeRtos/Source/tasks.o
 .bss.xIdleTaskHandle
                0x0080065f        0x2 FreeRtos/Source/tasks.o
 .bss.xNextTaskUnblockTime
                0x00800661        0x2 FreeRtos/Source/tasks.o
 .bss.uxTaskNumber
                0x00800663        0x1 FreeRtos/Source/tasks.o
 .bss.xNumOfOverflows
                0x00800664        0x1 FreeRtos/Source/tasks.o
 .bss.xYieldPending
                0x00800665        0x1 FreeRtos/Source/tasks.o
 .bss.xPendedTicks
                0x00800666        0x2 FreeRtos/Source/tasks.o
 .bss.xSchedulerRunning
                0x00800668        0x1 FreeRtos/Source/tasks.o
 .bss.uxTopReadyPriority
                0x00800669        0x1 FreeRtos/Source/tasks.o
 .bss.xTickCount
                0x0080066a        0x2 FreeRtos/Source/tasks.o
 .bss.uxCurrentNumberOfTasks
                0x0080066c        0x1 FreeRtos/Source/tasks.o
 .bss.xSuspendedTaskList
                0x0080066d        0x9 FreeRtos/Source/tasks.o
 .bss.uxDeletedTasksWaitingCleanUp
                0x00800676        0x1 FreeRtos/Source/tasks.o
 .bss.xTasksWaitingTermination
                0x00800677        0x9 FreeRtos/Source/tasks.o
 .bss.xPendingReadyList
                0x00800680        0x9 FreeRtos/Source/tasks.o
 .bss.pxOverflowDelayedTaskList
                0x00800689        0x2 FreeRtos/Source/tasks.o
 .bss.pxDelayedTaskList
                0x0080068b        0x2 FreeRtos/Source/tasks.o
 .bss.xDelayedTaskList2
                0x0080068d        0x9 FreeRtos/Source/tasks.o
 .bss.xDelayedTaskList1
                0x00800696        0x9 FreeRtos/Source/tasks.o
 .bss.pxReadyTasksLists
                0x0080069f       0x24 FreeRtos/Source/tasks.o
 .bss.pxCurrentTCB
                0x008006c3        0x2 FreeRtos/Source/tasks.o
                0x008006c3                pxCurrentTCB
 .bss.mysecondTask
                0x008006c5        0x2 main.o
                0x008006c5                mysecondTask
 .bss.myfierstTask
                0x008006c7        0x2 main.o
                0x008006c7                myfierstTask
 *(COMMON)
                0x008006c9                PROVIDE (__bss_end, .)
                0x00001122                __data_load_start = LOADADDR (.data)
                0x00001134                __data_load_end = (__data_load_start + SIZEOF (.data))

.noinit         0x008006c9        0x0
                [!provide]                PROVIDE (__noinit_start, .)
 *(.noinit*)
                [!provide]                PROVIDE (__noinit_end, .)
                0x008006c9                _end = .
                [!provide]                PROVIDE (__heap_start, .)

.eeprom         0x00810000        0x0
 *(.eeprom*)
                0x00810000                __eeprom_end = .

.fuse
 *(.fuse)
 *(.lfuse)
 *(.hfuse)
 *(.efuse)

.lock
 *(.lock*)

.signature
 *(.signature*)

.user_signatures
 *(.user_signatures*)

.stab
 *(.stab)

.stabstr
 *(.stabstr)

.stab.excl
 *(.stab.excl)

.stab.exclstr
 *(.stab.exclstr)

.stab.index
 *(.stab.index)

.stab.indexstr
 *(.stab.indexstr)

.comment        0x00000000       0x30
 *(.comment)
 .comment       0x00000000       0x30 FreeRtos/Source/list.o
                                 0x31 (size before relaxing)
 .comment       0x00000030       0x31 FreeRtos/Source/portable/GCC/ATMega323/port.o
 .comment       0x00000030       0x31 FreeRtos/Source/portable/MemMang/heap_4.o
 .comment       0x00000030       0x31 FreeRtos/Source/tasks.o
 .comment       0x00000030       0x31 main.o

.note.gnu.avr.deviceinfo
                0x00000000       0x3c
 .note.gnu.avr.deviceinfo
                0x00000000       0x3c C:/Program Files (x86)/Atmel/Studio/7.0/Packs/atmel/ATmega_DFP/1.7.374/gcc/dev/atmega32/avr5/crtatmega32.o

.note.gnu.build-id
 *(.note.gnu.build-id)

.debug
 *(.debug)

.line
 *(.line)

.debug_srcinfo
 *(.debug_srcinfo)

.debug_sfnames
 *(.debug_sfnames)

.debug_aranges  0x00000000      0x288
 *(.debug_aranges)
 .debug_aranges
                0x00000000       0x40 FreeRtos/Source/list.o
 .debug_aranges
                0x00000040       0x50 FreeRtos/Source/portable/GCC/ATMega323/port.o
 .debug_aranges
                0x00000090       0x58 FreeRtos/Source/portable/MemMang/heap_4.o
 .debug_aranges
                0x000000e8      0x170 FreeRtos/Source/tasks.o
 .debug_aranges
                0x00000258       0x30 main.o

.debug_pubnames
 *(.debug_pubnames)

.debug_info     0x00000000     0x2db5
 *(.debug_info .gnu.linkonce.wi.*)
 .debug_info    0x00000000      0x4e6 C:/Program Files (x86)/Atmel/Studio/7.0/Packs/atmel/ATmega_DFP/1.7.374/gcc/dev/atmega32/avr5/crtatmega32.o
 .debug_info    0x000004e6      0x2d8 FreeRtos/Source/list.o
 .debug_info    0x000007be      0x24e FreeRtos/Source/portable/GCC/ATMega323/port.o
 .debug_info    0x00000a0c      0x4b6 FreeRtos/Source/portable/MemMang/heap_4.o
 .debug_info    0x00000ec2     0x1c77 FreeRtos/Source/tasks.o
 .debug_info    0x00002b39      0x27c main.o

.debug_abbrev   0x00000000      0xc66
 *(.debug_abbrev)
 .debug_abbrev  0x00000000      0x4a3 C:/Program Files (x86)/Atmel/Studio/7.0/Packs/atmel/ATmega_DFP/1.7.374/gcc/dev/atmega32/avr5/crtatmega32.o
 .debug_abbrev  0x000004a3       0xff FreeRtos/Source/list.o
 .debug_abbrev  0x000005a2      0x143 FreeRtos/Source/portable/GCC/ATMega323/port.o
 .debug_abbrev  0x000006e5      0x1e4 FreeRtos/Source/portable/MemMang/heap_4.o
 .debug_abbrev  0x000008c9      0x2ae FreeRtos/Source/tasks.o
 .debug_abbrev  0x00000b77       0xef main.o

.debug_line     0x00000000     0x1dcc
 *(.debug_line .debug_line.* .debug_line_end)
 .debug_line    0x00000000      0x116 C:/Program Files (x86)/Atmel/Studio/7.0/Packs/atmel/ATmega_DFP/1.7.374/gcc/dev/atmega32/avr5/crtatmega32.o
 .debug_line    0x00000116      0x223 FreeRtos/Source/list.o
 .debug_line    0x00000339      0x2dd FreeRtos/Source/portable/GCC/ATMega323/port.o
 .debug_line    0x00000616      0x46c FreeRtos/Source/portable/MemMang/heap_4.o
 .debug_line    0x00000a82     0x11c3 FreeRtos/Source/tasks.o
 .debug_line    0x00001c45      0x187 main.o

.debug_frame    0x00000000      0x7e8
 *(.debug_frame)
 .debug_frame   0x00000000       0x88 FreeRtos/Source/list.o
 .debug_frame   0x00000088       0x84 FreeRtos/Source/portable/GCC/ATMega323/port.o
 .debug_frame   0x0000010c       0xfc FreeRtos/Source/portable/MemMang/heap_4.o
 .debug_frame   0x00000208      0x59c FreeRtos/Source/tasks.o
 .debug_frame   0x000007a4       0x44 main.o

.debug_str      0x00000000     0x11c3
 *(.debug_str)
 .debug_str     0x00000000      0x196 C:/Program Files (x86)/Atmel/Studio/7.0/Packs/atmel/ATmega_DFP/1.7.374/gcc/dev/atmega32/avr5/crtatmega32.o
 .debug_str     0x00000196      0x27a FreeRtos/Source/list.o
                                0x2b9 (size before relaxing)
 .debug_str     0x00000410      0x14e FreeRtos/Source/portable/GCC/ATMega323/port.o
                                0x2c9 (size before relaxing)
 .debug_str     0x0000055e      0x2f0 FreeRtos/Source/portable/MemMang/heap_4.o
                                0x47e (size before relaxing)
 .debug_str     0x0000084e      0x937 FreeRtos/Source/tasks.o
                                0xcc4 (size before relaxing)
 .debug_str     0x00001185       0x3e main.o
                                0x1fa (size before relaxing)

.debug_loc      0x00000000     0x2986
 *(.debug_loc)
 .debug_loc     0x00000000      0x145 FreeRtos/Source/list.o
 .debug_loc     0x00000145      0x29f FreeRtos/Source/portable/GCC/ATMega323/port.o
 .debug_loc     0x000003e4      0x4be FreeRtos/Source/portable/MemMang/heap_4.o
 .debug_loc     0x000008a2     0x20e4 FreeRtos/Source/tasks.o

.debug_macinfo
 *(.debug_macinfo)

.debug_weaknames
 *(.debug_weaknames)

.debug_funcnames
 *(.debug_funcnames)

.debug_typenames
 *(.debug_typenames)

.debug_varnames
 *(.debug_varnames)

.debug_pubtypes
 *(.debug_pubtypes)

.debug_ranges   0x00000000      0x278
 *(.debug_ranges)
 .debug_ranges  0x00000000       0x30 FreeRtos/Source/list.o
 .debug_ranges  0x00000030       0x40 FreeRtos/Source/portable/GCC/ATMega323/port.o
 .debug_ranges  0x00000070       0x48 FreeRtos/Source/portable/MemMang/heap_4.o
 .debug_ranges  0x000000b8      0x1a0 FreeRtos/Source/tasks.o
 .debug_ranges  0x00000258       0x20 main.o

.debug_macro
 *(.debug_macro)
OUTPUT(test.elf elf32-avr)
LOAD linker stubs
